{python("python 2"), python("python 1"), perl("perl 2"), perl("perl 1"), shell("shell 2"), shell("shell 1")}
