{brother_sister(daughter,son), brother_sister(son,daughter)}
