{plain_tetra(1,2,3), plain_tetra(1,2,4), plain_tetra(1,3,4), plain_tetra(2,3,4), edge_tetra(1,2), edge_tetra(1,3), edge_tetra(1,4), edge_tetra(2,3), edge_tetra(2,4), edge_tetra(3,4), point(1), point(2), point(3), point(4)}
