{o(12345), o("XXXXX"), o("1234X"), o("12X45"), o("X2345")}
